// Jest Snapshot v1, https://goo.gl/fbAQLP

exports[`get 1`] = `
Array [
  Object {
    "content": "S8GLsgrNNeei2K/JJrrMDeKOyfFZyMZ7eecRxXrugDkS1s6AIcZK/Rk22XSJO5gOkC/+qxnW2RhcFu4QLZ+D4Q==",
    "fname": "get/kakuyomu.jp!works!1177354054883528580/000 Description.txt",
  },
  Object {
    "content": "fqbwQpuSWp5z98rFwJE8X4ldNO/JYU0aD6MaPbntD8crTYRZZSuM/P3KScaaKOxlosi9mIG2lXmUqsegXgr4Jg==",
    "fname": "get/kakuyomu.jp!works!1177354054883528580/001 第一話：週末は異世界で賢者やってます.txt",
  },
  Object {
    "content": "V5jOFi52lnF/lJSDx4KLORsI0YhwGrwyvIs2g4EJK+/NIdzLgwh9QCaxAFPjUSpY7+Hh5ENm2GKztZIpOohkJA==",
    "fname": "get/kakuyomu.jp!works!1177354054883528580/002 第二話：鉄を作ろう。.txt",
  },
  Object {
    "content": "ZQ1bRBo3b/QdQUsyv3m6SksAWJsCGMWi54d43KqIGqx9foFScijs1JcXeDUY0BM8SEz87sSYbce0jpWycmQjOQ==",
    "fname": "get/kakuyomu.jp!works!1177354054883528580/003 第三話　撥ね釣瓶と上総掘り.txt",
  },
  Object {
    "content": "EsCxJpNDWjVDaqOZr84Lga7rPIrGhxJaE23l6xAf7DxwDhQ1QB9gSIEfAfItB4cwQNgEyuANffYO5Oyv6aFG+w==",
    "fname": "get/kakuyomu.jp!works!1177354054883528580/004 第四話：ポンプとバイオトイレと衛生指導.txt",
  },
  Object {
    "content": "r16/oCsk+P3QP9icViiDHPCmMBUoN8LbGGSSEdR/V6CNoKmCTsRSx9yvnNlxFEIRX4S/UsttryAx6Qg20Hc+Kw==",
    "fname": "get/kakuyomu.jp!works!1177354054883528580/005 第五話：農業指導その１.txt",
  },
  Object {
    "content": "q7JHD4vdVQ2gUlp4OfCZECKo5m3B2vDnRhNDkENNQP+VjIPFQxT2m1evsFWS6fTNII5yMcQJcUq7ZFqRSitPRQ==",
    "fname": "get/kakuyomu.jp!works!1177354054883528580/006 第六話：ホームセンターは現代知識チートの宝庫です.txt",
  },
  Object {
    "content": "Z6i+tVXNYLMMGLIS1lNhCcwHO224BJDkS/uF/D7HUQhGgSLJklk6QtianSSV0XZpYJe/YoNDyHK8tUdimhmMJQ==",
    "fname": "get/kakuyomu.jp!works!1177354054883528580/007 第七話：ノーフォークと肥料と手押しポンプ.txt",
  },
  Object {
    "content": "sVaMfd5kvwy2a4/F/6rgS3Q6l+U3ABO9/RyDS5GGa/uOw69lxDTa+IpbVZYOuuz0/uGLvFKJPf/VOah/TVqoAw==",
    "fname": "get/kakuyomu.jp!works!1177354054883528580/008 第八話：鐙とクロスボウとギリースーツ.txt",
  },
  Object {
    "content": "tO7zeTEKh4Mamik/jZx8M5LbBIDdGpYacNvZI7AMvqVzdtaWI8falFmdFQcAz519S/fqWDTSpIQfjejTE0eNlQ==",
    "fname": "get/kakuyomu.jp!works!1177354054883528580/009 第九話：樹皮紙と砂糖大根と養蜂.txt",
  },
  Object {
    "content": "7PKxAVRXw4/vC8nFeydeJJIRc+71D9Di3rJNgn9Pbfrtts+gF6D9TqQAmfKdpevh46Zidhy6I+9a1OP1M7P/wg==",
    "fname": "get/kakuyomu.jp!works!1177354054883528580/010 第十話：現代社会でちょっとトラブル.txt",
  },
  Object {
    "content": "v6AI6QqdoylL0+7IXolSxSnzBc6+RiaFIv84WUwjkgn3IW+dxI5/51R3rnHFhpiZcMVYZkLGWKF5IrOX7ZsRAQ==",
    "fname": "get/kakuyomu.jp!works!1177354054883528580/011 第十一話：改良竈と石窯と炭団.txt",
  },
  Object {
    "content": "HPVmiqoC9KaV0GclujUfMda5HczZZj9HG65mq2Y8ye0PUJw05y7zsZC7sI9PW8BuIyNHweVUkL3LlIBJFg5mhA==",
    "fname": "get/kakuyomu.jp!works!1177354054883528580/012 第十二話：水車と高炉と蒸留装置と川風呂.txt",
  },
  Object {
    "content": "2XdmWxx6v2ujVhysOHJzZK8ipguKgljpy6tMDadQDEWDqbYXw1hsO7L+zgbEQu0IONJc+mHfyJq3q4eOdJNh7A==",
    "fname": "get/kakuyomu.jp!works!1177354054883528580/013 第十三話：異世界がチートでした。.txt",
  },
  Object {
    "content": "dyqrUBP0VJVIKgnU8+4PSvXjVo//yAQkIkgyBaVivGwRclmtFesJLJ/Q1kMLBKL3taFqYpWaqNywl0+ThQQSJg==",
    "fname": "get/kakuyomu.jp!works!1177354054883528580/014 第十四話：収穫した作物で料理を作る.txt",
  },
  Object {
    "content": "q3v5rE95Z+qtRjhqaYbomQS3riLz/Pd45nZbWCMAATZSsWwV/FO8XRv3YJIWLHz10tnwzwqnBrYM/DXcbb6/OQ==",
    "fname": "get/kakuyomu.jp!works!1177354054883528580/015 第十五話：天然痘の脅威！.txt",
  },
  Object {
    "content": "MJ5vHLzIR6Oe6vhjUIwzstPEqoHkPsQvzWMIQTWiDNgHtz6jC//03tIY3JLl72rwF2ILV8sgxlFdXoj8MTeK2A==",
    "fname": "get/kakuyomu.jp!works!1177354054883528580/016 第十六話：ワクチン完成！　そしてさようなら、ウルの国.txt",
  },
  Object {
    "content": "Q5/wxiWVWx2NIqe7TAMD84Bz4g0WPyE7TFCAkCSsn70n97icMi7GTNEwHYV/950F4qj/D7TcOasnxBsueQcuRQ==",
    "fname": "get/kakuyomu.jp!works!1177354054883528580/index.json",
  },
]
`;
