// Jest Snapshot v1, https://goo.gl/fbAQLP

exports[`simple 1`] = `
Array [
  Object {
    "content": "hhhE1nBOhXP+w02WfiC8/vPUJM9IvgTm3AjyvVjHKXQzcQFerYkcw88cnTS0kmS1EHUbH/nlN5N7xGtdb/TsyA==",
    "fname": "simple/00 Chapter One/000 Description.txt",
  },
  Object {
    "content": "KPOANbK0dyH6PffJq+LuHiODTuhV+Dfecq6PmzUKPNq44ajFIhfgygys/MbwwXq8/udnAHjREyXhqEcxYXeocg==",
    "fname": "simple/01 The Beginning/001 Prologue.txt",
  },
  Object {
    "content": "H5a27bIHyc3o73aFBbj5+7GxLqcCTVzVcOhDJKgfdROpuB9plKd6mxD9IsQTbREtHeeO3Og62S9zhEpI8cb54A==",
    "fname": "simple/01 The Beginning/002 Prologue 2.txt",
  },
  Object {
    "content": "kzsVsAC8QOIkYMfjV32AYif6TYHbPe1mOr3QUJHVrdeaNT3qkdVN39rwl0iFxp4Cs/S1YUhKwdcrZq5wH8XzXw==",
    "fname": "simple/index.json",
  },
]
`;
